### 查看堆内存信息
- jmap -heap 8064

```
Attaching to process ID 8064, please wait...
Debugger attached successfully.
Server compiler detected.
JVM version is 25.111-b14

using thread-local object allocation.
Mark Sweep Compact GC

Heap Configuration:
   MinHeapFreeRatio         = 40
   MaxHeapFreeRatio         = 70
   MaxHeapSize              = 20971520 (20.0MB)
   NewSize                  = 10485760 (10.0MB)
   MaxNewSize               = 10485760 (10.0MB)
   OldSize                  = 10485760 (10.0MB)
   NewRatio                 = 2
   SurvivorRatio            = 8
   MetaspaceSize            = 21807104 (20.796875MB)
   CompressedClassSpaceSize = 1073741824 (1024.0MB)
   MaxMetaspaceSize         = 17592186044415 MB
   G1HeapRegionSize         = 0 (0.0MB)

Heap Usage:
New Generation (Eden + 1 Survivor Space):
   capacity = 9437184 (9.0MB)
   used     = 4741312 (4.52166748046875MB)
   free     = 4695872 (4.47833251953125MB)
   50.240749782986114% used
Eden Space:
   capacity = 8388608 (8.0MB)
   used     = 4194320 (4.0000152587890625MB)
   free     = 4194288 (3.9999847412109375MB)
   50.00019073486328% used
From Space:
   capacity = 1048576 (1.0MB)
   used     = 546992 (0.5216522216796875MB)
   free     = 501584 (0.4783477783203125MB)
   52.16522216796875% used
To Space:
   capacity = 1048576 (1.0MB)
   used     = 0 (0.0MB)
   free     = 1048576 (1.0MB)
   0.0% used
tenured generation:
   capacity = 10485760 (10.0MB)
   used     = 6291504 (6.0000457763671875MB)
   free     = 4194256 (3.9999542236328125MB)
   60.000457763671875% used

1594 interned Strings occupying 146384 bytes.
```

### 生成dump
- jmap -dump:file=testDump2 8064

```
Dumping heap to C:\Users\zhongyuyu\testDump2 ...
Heap dump file created
```

### 生成dump
- jmap -dump:file=testDump2 8064

```
Dumping heap to C:\Users\zhongyuyu\testDump2 ...
Heap dump file created
```

### 生成对象统计
- jmap -histo:live 10368 > ./jmap-histo-10368.txt

```

 num     #instances         #bytes  class name
----------------------------------------------
   1:          6652         558864  [C
   2:          1663         188280  java.lang.Class
   3:          6513         156312  java.lang.String
   4:          1560          82376  [Ljava.lang.Object;
   5:           677          59576  java.lang.reflect.Method
   6:           740          42592  [I
   7:            84          41760  [B
   8:          1187          37984  java.util.HashMap$Node
   9:           925          37000  java.util.TreeMap$Entry
  10:           375          27000  java.lang.reflect.Field
  11:           566          20200  [Ljava.lang.String;
  12:           178          18240  [Ljava.util.HashMap$Node;
  13:           746          18056  [Ljava.lang.Class;
  14:           405          12960  java.util.concurrent.ConcurrentHashMap$Node
  15:           323          12920  java.lang.ref.SoftReference
  16:           382          12224  java.util.Hashtable$Entry
  17:           209          11704  java.lang.invoke.MemberName
  18:           341          10912  sun.misc.FDBigInteger
  19:           204           9792  java.util.HashMap
  20:           239           9560  java.util.LinkedHashMap$Entry
  21:           150           8400  java.lang.Class$ReflectionData
  22:            91           7280  java.lang.reflect.Constructor
  23:           223           7136  java.lang.invoke.LambdaForm$Name
  24:           265           6360  java.lang.Long
  25:            94           5640  [Ljava.lang.ref.SoftReference;
  26:           175           5600  java.lang.invoke.MethodType$ConcurrentWeakInternSet$WeakEntry
  27:            86           5504  java.net.URL
  28:           102           5248  [Ljava.lang.reflect.Method;
  29:           129           5160  java.lang.invoke.MethodType
  30:            30           4640  [Ljava.util.concurrent.ConcurrentHashMap$Node;
  31:           189           4536  javax.management.ImmutableDescriptor
  32:           279           4464  java.lang.Integer
  33:           107           4280  java.util.WeakHashMap$Entry
  34:            30           4136  [Ljava.util.Hashtable$Entry;
  35:           128           4096  com.sun.jmx.mbeanserver.ConvertingMethod
  36:           256           4096  java.lang.Byte
  37:           256           4096  java.lang.Short
  38:            10           3760  java.lang.Thread
  39:            37           3600  [Ljava.util.WeakHashMap$Entry;
  40:            74           3552  java.lang.invoke.LambdaForm
  41:            79           3536  [Ljava.lang.invoke.LambdaForm$Name;
  42:           101           3232  java.lang.ref.WeakReference
  43:            28           2912  [Ljava.lang.invoke.MethodHandle;
  44:            45           2880  javax.management.openmbean.OpenMBeanAttributeInfoSupport
  45:            49           2744  java.lang.invoke.MethodTypeForm
  46:           167           2672  java.lang.Object
  47:            49           2544  [Ljavax.management.MBeanAttributeInfo;
  48:           135           2536  [Lcom.sun.jmx.mbeanserver.MXBeanMapping;
  49:            78           2496  java.lang.invoke.DirectMethodHandle
  50:            62           2480  java.io.ObjectStreamField
  51:            50           2400  java.util.logging.LogManager$LoggerWeakRef
  52:            99           2376  java.lang.invoke.LambdaForm$NamedFunction
  53:            59           2360  java.lang.ref.Finalizer
  54:            48           2304  javax.management.MBeanInfo
  55:            41           2296  sun.misc.URLClassPath$JarLoader
  56:            42           2208  [Ljava.lang.reflect.Field;
  57:            43           2064  sun.util.locale.LocaleObjectCache$CacheEntry
  58:           128           2048  java.lang.Character
  59:            84           2016  java.util.ArrayList
  60:            31           1984  java.util.concurrent.ConcurrentHashMap
  61:            60           1920  javax.management.MBeanAttributeInfo
  62:            24           1728  java.util.logging.Logger
  63:            52           1664  java.lang.ref.ReferenceQueue
  64:            34           1632  java.util.WeakHashMap
  65:            40           1600  sun.management.DiagnosticCommandArgumentInfo
  66:            66           1584  java.security.Provider$ServiceKey
  67:            64           1536  java.util.jar.Attributes$Name
  68:            27           1512  java.security.Provider$Service
  69:             1           1376  [Lsun.misc.FDBigInteger;
  70:            54           1208  [Ljava.lang.reflect.Constructor;
  71:            25           1200  java.util.TreeMap
  72:            35           1120  java.util.logging.LogManager$LogNode
  73:            45           1072  [Ljavax.management.ObjectName$Property;
  74:            22           1056  java.util.Hashtable
  75:             1           1040  [Ljava.lang.Byte;
  76:             1           1040  [Ljava.lang.Integer;
  77:             1           1040  [Ljava.lang.Long;
  78:             1           1040  [Ljava.lang.Short;
  79:             1           1040  [[C
  80:            43           1032  java.io.ExpiringCache$Entry
  81:            39           1008  [Ljavax.management.MBeanOperationInfo;
  82:            31            992  java.util.concurrent.locks.ReentrantLock$NonfairSync
  83:            30            960  java.security.Provider$EngineDescription
  84:            23            920  javax.management.ObjectName
  85:            19            912  sun.management.DiagnosticCommandInfo
  86:            22            880  java.security.AccessControlContext
  87:            54            864  java.lang.ref.ReferenceQueue$Lock
  88:            36            864  sun.reflect.NativeConstructorAccessorImpl
  89:            21            840  java.io.FileDescriptor
  90:            15            840  javax.management.openmbean.ArrayType
  91:            21            840  sun.util.locale.BaseLocale$Key
  92:             4            832  [Z
  93:            26            832  java.util.Vector
  94:            11            816  [S
  95:            34            816  javax.management.ObjectName$Property
  96:            20            800  com.sun.jmx.mbeanserver.MXBeanSupport
  97:            20            800  javax.management.MBeanOperationInfo
  98:            32            768  com.sun.jmx.mbeanserver.DefaultMXBeanMappingFactory$IdentityMapping
  99:            13            728  java.util.LinkedHashMap
 100:            15            720  java.lang.management.PlatformComponent
 101:             6            720  java.net.SocksSocketImpl
 102:            13            688  [J
 103:            24            688  [Ljava.io.ObjectStreamField;
 104:            21            672  com.sun.jmx.mbeanserver.WeakIdentityHashMap$IdentityWeakReference
 105:            28            672  java.security.Provider$UString
 106:            21            672  java.util.Locale
 107:            28            672  java.util.concurrent.CopyOnWriteArrayList
 108:            12            672  sun.nio.cs.UTF_8$Encoder
 109:            21            672  sun.util.locale.BaseLocale
 110:            16            640  java.security.ProtectionDomain
 111:             3            624  [Ljava.lang.invoke.LambdaForm;
 112:            39            624  java.util.jar.Attributes
 113:            19            608  java.io.File
 114:            19            608  sun.management.DiagnosticCommandImpl$Wrapper
 115:             6            576  java.util.jar.JarFile$JarFileEntry
 116:            18            576  javax.management.MBeanParameterInfo
 117:            36            576  sun.reflect.DelegatingConstructorAccessorImpl
 118:            10            560  java.util.ResourceBundle$CacheKey
 119:            10            560  java.util.zip.ZipFile$ZipFileInputStream
 120:            14            560  javax.management.openmbean.SimpleType
 121:            10            560  sun.invoke.util.Wrapper
 122:            23            552  com.sun.jmx.mbeanserver.PerInterface$MethodAndSig
 123:            23            552  java.util.Arrays$ArrayList
 124:             1            528  [Ljava.lang.Character;
 125:            22            528  com.sun.jmx.mbeanserver.NamedObject
 126:             6            528  java.net.DualStackPlainSocketImpl
 127:            22            528  sun.reflect.generics.tree.SimpleClassTypeSignature
 128:            13            520  java.lang.invoke.MethodHandleImpl$IntrinsicMethodHandle
 129:             8            512  java.util.jar.JarFile
 130:            21            504  java.util.Locale$LocaleKey
 131:             9            504  javax.management.openmbean.CompositeType
 132:            31            496  java.util.concurrent.locks.ReentrantLock
 133:            19            488  [Lsun.management.DiagnosticCommandArgumentInfo;
 134:            12            480  com.sun.jmx.mbeanserver.PerInterface
 135:            20            480  java.lang.Class$AnnotationData
 136:            10            480  java.util.ResourceBundle$BundleReference
 137:            19            456  [Ljavax.management.MBeanParameterInfo;
 138:             6            456  [Lsun.invoke.util.Wrapper;
 139:             8            448  javax.management.openmbean.OpenMBeanParameterInfoSupport
 140:            18            432  sun.misc.MetaIndex
 141:             4            416  java.io.ObjectStreamClass
 142:            13            416  java.lang.invoke.SimpleMethodHandle
 143:            22            408  [Lsun.reflect.generics.tree.TypeArgument;
 144:            10            400  java.lang.invoke.DirectMethodHandle$Accessor
 145:            10            400  sun.reflect.UnsafeQualifiedStaticObjectFieldAccessorImpl
 146:             7            392  java.lang.invoke.LambdaFormEditor$Transform
 147:             1            384  java.lang.ref.Finalizer$FinalizerThread
 148:             6            384  java.nio.DirectByteBuffer
 149:             1            384  java.util.logging.LogManager$Cleaner
 150:             1            376  java.lang.ref.Reference$ReferenceHandler
 151:            17            368  [Ljavax.management.MBeanNotificationInfo;
 152:            23            368  java.util.HashSet
 153:            15            360  javax.management.StandardMBean
 154:             5            352  [D
 155:            11            352  java.net.InetAddress$InetAddressHolder
 156:            11            352  java.security.CodeSource
 157:            22            352  sun.reflect.generics.tree.ClassTypeSignature
 158:             7            336  com.sun.jmx.mbeanserver.DefaultMXBeanMappingFactory$CompositeMapping
 159:            14            336  java.lang.RuntimePermission
 160:            14            336  java.lang.invoke.LambdaFormEditor$Transform$Kind
 161:             6            336  java.nio.DirectLongBufferU
 162:             6            336  sun.management.MemoryPoolImpl
 163:            16            328  [Ljava.lang.management.PlatformComponent;
 164:            10            320  java.lang.OutOfMemoryError
 165:            10            320  java.util.ResourceBundle$LoaderReference
 166:             8            320  sun.rmi.transport.tcp.TCPEndpoint
 167:            10            320  sun.security.jca.ProviderConfig
 168:            13            312  java.lang.management.ManagementPermission
 169:             9            288  java.io.FileInputStream
 170:            12            288  java.lang.invoke.Invokers
 171:            12            288  java.util.Collections$SingletonList
 172:             6            288  java.util.Properties
 173:             9            288  java.util.logging.Level
 174:             4            288  java.util.regex.Pattern
 175:             6            288  java.util.zip.Inflater
 176:             9            288  jdk.internal.org.objectweb.asm.Type
 177:             4            288  sun.reflect.DelegatingClassLoader
 178:             5            280  java.util.zip.ZipFile$ZipFileInflaterInputStream
 179:            16            256  [Ljava.security.Principal;
 180:            16            256  java.security.ProtectionDomain$Key
 181:             8            256  java.util.zip.ZipCoder
 182:             8            256  javax.management.MBeanNotificationInfo
 183:             8            256  sun.misc.ProxyGenerator$PrimitiveTypeInfo
 184:             8            248  [Ljava.lang.invoke.LambdaForm$BasicType;
 185:             6            240  [Ljava.lang.invoke.BoundMethodHandle$SpeciesData;
 186:            10            240  java.security.CryptoPrimitive
 187:             6            240  sun.management.MemoryPoolImpl$CollectionSensor
 188:             6            240  sun.management.MemoryPoolImpl$PoolSensor
 189:             6            240  sun.reflect.generics.repository.MethodRepository
 190:             4            224  java.lang.Package
 191:             7            224  java.lang.invoke.BoundMethodHandle$Species_L
 192:            14            224  java.rmi.server.Operation
 193:             7            224  java.security.Permissions
 194:             7            224  java.util.regex.Pattern$Branch
 195:             7            224  java.util.regex.Pattern$Curly
 196:             4            224  sun.rmi.transport.Target
 197:            13            216  [Ljavax.management.MBeanConstructorInfo;
 198:             9            216  com.sun.jmx.remote.util.ClassLogger
 199:             9            216  java.util.logging.Level$KnownLevel
 200:             9            216  sun.rmi.runtime.Log$LoggerLog
 201:             9            216  sun.util.logging.PlatformLogger$Level
 202:             7            208  [Ljava.lang.invoke.LambdaForm$NamedFunction;
 203:            10            208  [Ljava.lang.reflect.Type;
 204:             5            200  java.lang.invoke.BoundMethodHandle$SpeciesData
 205:             7            192  [Ljava.util.regex.Pattern$Node;
 206:             6            192  java.lang.invoke.LambdaForm$BasicType
 207:             8            192  java.lang.invoke.MethodHandleImpl$Intrinsic
 208:             6            192  java.rmi.server.UID
 209:             8            192  java.util.ArrayDeque
 210:             6            192  java.util.Collections$UnmodifiableMap
 211:             8            192  java.util.Collections$UnmodifiableRandomAccessList
 212:             8            192  java.util.LinkedList$Node
 213:            12            192  java.util.concurrent.atomic.AtomicInteger
 214:             8            192  java.util.concurrent.atomic.AtomicLong
 215:             8            192  java.util.regex.Pattern$GroupHead
 216:             8            192  java.util.regex.Pattern$GroupTail
 217:             8            192  sun.reflect.generics.factory.CoreReflectionFactory
 218:             6            192  sun.reflect.generics.tree.MethodTypeSignature
 219:             2            176  javax.management.remote.rmi.NoCallStackClassLoader
 220:             9            168  [Lsun.reflect.generics.tree.FieldTypeSignature;
 221:             7            168  com.sun.management.VMOption$Origin
 222:             7            168  java.net.NetPermission
 223:             3            168  javax.management.openmbean.OpenMBeanOperationInfoSupport
 224:             7            168  sun.management.counter.Units
 225:             9            160  [Lsun.reflect.generics.tree.FormalTypeParameter;
 226:             4            160  java.lang.ClassLoader$NativeLibrary
 227:            10            160  java.util.Formatter$Flags
 228:             5            160  javax.management.StandardEmitterMBean
 229:             4            160  sun.rmi.transport.WeakRef
 230:             5            160  sun.util.locale.provider.LocaleProviderAdapter$Type
 231:             3            144  java.lang.ThreadGroup
 232:             6            144  java.net.InetAddress
 233:             3            144  java.nio.HeapByteBuffer
 234:             6            144  java.util.BitSet
 235:             6            144  java.util.regex.Pattern$Ctype
 236:             6            144  java.util.regex.Pattern$Single
 237:             6            144  java.util.zip.ZStreamRef
 238:             6            144  sun.misc.PerfCounter
 239:             3            144  sun.misc.URLClassPath
 240:             3            144  sun.nio.cs.StreamEncoder
 241:             6            144  sun.reflect.generics.reflectiveObjects.ParameterizedTypeImpl
 242:             6            144  sun.reflect.generics.scope.MethodScope
 243:             6            144  sun.security.util.DisabledAlgorithmConstraints$Constraint$Operator
 244:             4            128  [Ljava.rmi.server.Operation;
 245:             4            128  com.sun.jmx.mbeanserver.DefaultMXBeanMappingFactory$ArrayMapping
 246:             2            128  java.io.ExpiringCache$1
 247:             4            128  java.io.ObjectStreamClass$WeakClassKey
 248:             4            128  java.lang.ThreadLocal$ThreadLocalMap$Entry
 249:             4            128  java.util.LinkedList
 250:             4            128  java.util.Stack
 251:             2            128  javax.management.remote.rmi.RMIConnectorServer
 252:             4            128  sun.rmi.transport.LiveRef
 253:             3            120  java.lang.invoke.BoundMethodHandle$Species_LL
 254:             5            120  java.rmi.server.ObjID
 255:             5            120  java.util.regex.Pattern$Slice
 256:             3            120  sun.misc.FloatingDecimal$BinaryToASCIIBuffer
 257:             5            120  sun.misc.FloatingDecimal$PreparedASCIIToBinaryBuffer
 258:             5            120  sun.nio.fs.WindowsPathType
 259:             3            120  sun.reflect.UnsafeQualifiedStaticLongFieldAccessorImpl
 260:             3            120  sun.rmi.server.UnicastServerRef
 261:             2            112  [Ljava.lang.invoke.MethodType;
 262:             2            112  [Ljava.security.CryptoPrimitive;
 263:             5            112  [Ljava.security.ProtectionDomain;
 264:             7            112  java.lang.ThreadLocal
 265:             2            112  java.net.SocketPermission
 266:             7            112  java.util.regex.Pattern$BranchConn
 267:             2            112  javax.management.remote.rmi.RMIJRMPServerImpl
 268:             2            112  sun.security.provider.SHA
 269:             6             96  [Lsun.reflect.generics.tree.TypeSignature;
 270:             3             96  com.sun.jmx.mbeanserver.DefaultMXBeanMappingFactory$EnumMapping
 271:             3             96  java.io.FileOutputStream
 272:             4             96  java.io.ObjectStreamClass$ClassDataSlot
 273:             3             96  java.lang.reflect.Proxy$Key1
 274:             3             96  java.lang.reflect.WeakCache$CacheValue
 275:             3             96  java.net.Socket
 276:             3             96  java.security.BasicPermissionCollection
 277:             2             96  javax.management.openmbean.TabularType
 278:             2             96  sun.management.GarbageCollectorImpl
 279:             1             96  sun.misc.Launcher$AppClassLoader
 280:             3             96  sun.reflect.UnsafeStaticObjectFieldAccessorImpl
 281:             4             96  sun.reflect.annotation.AnnotationInvocationHandler
 282:             3             96  sun.reflect.generics.reflectiveObjects.TypeVariableImpl
 283:             3             96  sun.reflect.generics.repository.ClassRepository
 284:             4             96  sun.rmi.transport.ObjectEndpoint
 285:             3             96  sun.rmi.transport.tcp.TCPTransport
 286:             3             96  sun.rmi.transport.tcp.TCPTransport$AcceptLoop
 287:             1             96  sun.security.jca.ProviderList$1
 288:             1             96  sun.security.provider.Sun
 289:             2             96  sun.util.locale.provider.LocaleResources$ResourceReference
 290:             1             88  sun.misc.Launcher$ExtClassLoader
 291:             2             80  [F
 292:             2             80  [Ljava.lang.Thread;
 293:             1             80  [Ljava.lang.ThreadLocal$ThreadLocalMap$Entry;
 294:             1             80  [Ljava.util.concurrent.RunnableScheduledFuture;
 295:             2             80  com.sun.jmx.mbeanserver.DefaultMXBeanMappingFactory$TabularMapping
 296:             2             80  java.io.BufferedWriter
 297:             2             80  java.io.ExpiringCache
 298:             2             80  java.io.ObjectStreamClass$FieldReflector
 299:             2             80  java.io.ObjectStreamClass$FieldReflectorKey
 300:             2             80  java.lang.invoke.MethodHandleImpl$AsVarargsCollector
 301:             5             80  java.util.Collections$UnmodifiableSet
 302:             2             80  java.util.IdentityHashMap
 303:             5             80  java.util.LinkedHashMap$LinkedValues
 304:             2             80  java.util.Locale$Category
 305:             1             80  java.util.concurrent.ScheduledThreadPoolExecutor
 306:             2             80  sun.management.MemoryManagerImpl
 307:             1             72  [Ljava.lang.invoke.LambdaFormEditor$Transform$Kind;
 308:             3             72  [Ljava.net.InetAddress;
 309:             3             72  [Ljava.net.InetSocketAddress;
 310:             1             72  [Ljavax.management.openmbean.SimpleType;
 311:             2             72  [Lsun.security.jca.ProviderConfig;
 312:             3             72  java.io.OutputStreamWriter
 313:             3             72  java.lang.annotation.RetentionPolicy
 314:             3             72  java.net.Inet4Address
 315:             3             72  java.net.InetAddress$CacheEntry
 316:             3             72  java.security.SecurityPermission
 317:             3             72  java.util.Collections$SynchronizedSet
 318:             1             72  java.util.ResourceBundle$RBClassLoader
 319:             3             72  java.util.concurrent.ConcurrentHashMap$KeySetView
 320:             1             72  java.util.concurrent.ThreadPoolExecutor
 321:             3             72  java.util.concurrent.atomic.AtomicMarkableReference$Pair
 322:             3             72  java.util.concurrent.locks.AbstractQueuedSynchronizer$ConditionObject
 323:             1             72  java.util.logging.LogManager$RootLogger
 324:             3             72  java.util.regex.Pattern$BitClass
 325:             3             72  java.util.regex.Pattern$Start
 326:             3             72  sun.misc.FloatingDecimal$ExceptionalBinaryToASCIIBuffer
 327:             3             72  sun.reflect.NativeMethodAccessorImpl
 328:             3             72  sun.reflect.generics.tree.ClassSignature
 329:             3             72  sun.reflect.generics.tree.FormalTypeParameter
 330:             1             72  sun.util.locale.provider.JRELocaleProviderAdapter
 331:             3             72  sun.util.resources.ParallelListResourceBundle$KeySet
 332:             2             64  [Ljava.lang.annotation.RetentionPolicy;
 333:             2             64  com.sun.jmx.mbeanserver.DefaultMXBeanMappingFactory$CollectionMapping
 334:             4             64  com.sun.proxy.$Proxy1
 335:             2             64  java.io.FilePermission
 336:             2             64  java.io.PrintStream
 337:             2             64  java.lang.ClassValue$Entry
 338:             2             64  java.lang.VirtualMachineError
 339:             2             64  java.lang.ref.ReferenceQueue$Null
 340:             2             64  java.net.Inet6Address
 341:             2             64  java.net.Inet6Address$Inet6AddressHolder
 342:             2             64  java.security.MessageDigest$Delegate
 343:             1             64  java.security.SecureRandom
 344:             2             64  java.util.Collections$SynchronizedMap
 345:             2             64  java.util.PropertyPermission
 346:             2             64  javax.management.remote.JMXServiceURL
 347:             4             64  sun.reflect.BootstrapConstructorAccessorImpl
 348:             2             64  sun.reflect.annotation.AnnotationType
 349:             2             64  sun.security.provider.SecureRandom
 350:             1             56  [Ljava.lang.Runnable;
 351:             3             56  [Lsun.reflect.generics.tree.ClassTypeSignature;
 352:             1             56  [Lsun.util.logging.PlatformLogger$Level;
 353:             1             56  [[I
 354:             1             56  java.util.logging.LogManager
 355:             1             56  sun.nio.cs.ext.DoubleByte$Decoder
 356:             1             56  sun.rmi.runtime.Log$InternalStreamHandler
 357:             1             48  [Lcom.sun.management.VMOption$Origin;
 358:             2             48  [Ljava.io.ObjectStreamClass$ClassDataSlot;
 359:             3             48  [Ljava.lang.annotation.Annotation;
 360:             1             48  [Ljava.lang.invoke.MethodHandleImpl$Intrinsic;
 361:             2             48  [Ljava.lang.reflect.TypeVariable;
 362:             1             48  [Ljava.util.concurrent.TimeUnit;
 363:             1             48  [Lsun.management.counter.Units;
 364:             2             48  [[B
 365:             1             48  [[Ljava.lang.Object;
 366:             2             48  com.sun.jmx.mbeanserver.ClassLoaderRepositorySupport$LoaderEntry
 367:             1             48  com.sun.jmx.mbeanserver.DefaultMXBeanMappingFactory$Mappings
 368:             1             48  com.sun.jmx.mbeanserver.MBeanIntrospector$MBeanInfoMap
 369:             1             48  com.sun.jmx.mbeanserver.MBeanIntrospector$PerInterfaceMap
 370:             2             48  com.sun.jmx.mbeanserver.WeakIdentityHashMap
 371:             2             48  java.io.BufferedOutputStream
 372:             2             48  java.io.File$PathStatus
 373:             2             48  java.io.FilePermissionCollection
 374:             1             48  java.lang.ProcessEnvironment
 375:             1             48  java.lang.invoke.BoundMethodHandle$Species_L4
 376:             2             48  java.lang.invoke.MethodHandles$Lookup
 377:             2             48  java.lang.reflect.ReflectPermission
 378:             2             48  java.net.InetAddress$Cache
 379:             2             48  java.net.InetAddress$Cache$Type
 380:             2             48  java.net.ServerSocket
 381:             2             48  java.nio.charset.CoderResult
 382:             3             48  java.nio.charset.CodingErrorAction
 383:             3             48  java.text.AttributedCharacterIterator$Attribute
 384:             3             48  java.util.HashMap$EntrySet
 385:             3             48  java.util.HashMap$KeySet
 386:             3             48  java.util.concurrent.atomic.AtomicMarkableReference
 387:             1             48  java.util.concurrent.locks.ReentrantReadWriteLock$FairSync
 388:             2             48  java.util.jar.Manifest
 389:             2             48  java.util.logging.Logger$LoggerBundle
 390:             2             48  java.util.regex.Pattern$1
 391:             2             48  java.util.regex.Pattern$5
 392:             2             48  java.util.regex.Pattern$SliceI
 393:             2             48  javax.management.remote.rmi.RMIJRMPServerImpl$ExportedWrapper
 394:             2             48  sun.management.ManagementFactoryHelper$1
 395:             2             48  sun.misc.NativeSignalHandler
 396:             2             48  sun.misc.Signal
 397:             3             48  sun.net.www.protocol.jar.Handler
 398:             3             48  sun.reflect.DelegatingMethodAccessorImpl
 399:             2             48  sun.reflect.generics.scope.ClassScope
 400:             3             48  sun.rmi.server.UnicastRef
 401:             2             48  sun.security.jca.ProviderList
 402:             2             48  sun.security.jca.ProviderList$3
 403:             1             48  sun.text.resources.FormatData
 404:             1             48  sun.text.resources.zh.FormatData_zh
 405:             1             48  sun.text.resources.zh.FormatData_zh_CN
 406:             1             48  sun.util.resources.CurrencyNames
 407:             1             48  sun.util.resources.zh.CurrencyNames_zh_CN
 408:             2             40  [Lcom.sun.jmx.mbeanserver.ClassLoaderRepositorySupport$LoaderEntry;
 409:             1             40  [Ljava.lang.management.MemoryPoolMXBean;
 410:             1             40  [Lsun.nio.fs.WindowsPathType;
 411:             1             40  [Lsun.security.util.DisabledAlgorithmConstraints$Constraint$Operator;
 412:             1             40  [Lsun.util.locale.provider.LocaleProviderAdapter$Type;
 413:             1             40  [[Ljava.lang.invoke.LambdaForm$Name;
 414:             1             40  com.sun.jmx.interceptor.DefaultMBeanServerInterceptor
 415:             1             40  com.sun.jmx.mbeanserver.JmxMBeanServer
 416:             1             40  com.sun.jmx.mbeanserver.MBeanServerDelegateImpl
 417:             1             40  java.io.BufferedInputStream
 418:             1             40  java.util.ResourceBundle$1
 419:             1             40  sun.management.DiagnosticCommandImpl
 420:             1             40  sun.management.resources.agent
 421:             1             40  sun.management.resources.agent_zh_CN
 422:             1             40  sun.misc.Cleaner
 423:             1             40  sun.nio.cs.StandardCharsets$Aliases
 424:             1             40  sun.nio.cs.StandardCharsets$Cache
 425:             1             40  sun.nio.cs.StandardCharsets$Classes
 426:             1             40  sun.nio.cs.ext.ExtendedCharsets
 427:             1             40  sun.rmi.server.UnicastServerRef2
 428:             1             32  [Ljava.lang.OutOfMemoryError;
 429:             2             32  [Ljava.lang.StackTraceElement;
 430:             1             32  [Ljava.lang.ThreadGroup;
 431:             1             32  [Ljava.lang.invoke.LambdaFormEditor$Transform;
 432:             1             32  [Ljava.lang.management.MemoryManagerMXBean;
 433:             1             32  [Lsun.nio.fs.NativeBuffer;
 434:             1             32  com.sun.jmx.mbeanserver.Repository
 435:             2             32  com.sun.proxy.$Proxy2
 436:             1             32  java.io.SerializablePermission
 437:             1             32  java.io.WinNTFileSystem
 438:             1             32  java.lang.ArithmeticException
 439:             2             32  java.lang.Boolean
 440:             1             32  java.lang.Exception
 441:             1             32  java.lang.NullPointerException
 442:             2             32  java.lang.Shutdown$Lock
 443:             1             32  java.lang.StringCoding$StringDecoder
 444:             1             32  java.lang.StringCoding$StringEncoder
 445:             1             32  java.lang.reflect.WeakCache
 446:             2             32  java.nio.ByteOrder
 447:             2             32  java.rmi.server.RemoteObjectInvocationHandler
 448:             2             32  java.util.LinkedHashMap$LinkedEntrySet
 449:             2             32  java.util.LinkedHashMap$LinkedKeySet
 450:             1             32  java.util.RegularEnumSet
 451:             2             32  java.util.TreeSet
 452:             1             32  java.util.concurrent.ScheduledThreadPoolExecutor$DelayedWorkQueue
 453:             1             32  java.util.concurrent.SynchronousQueue
 454:             1             32  java.util.concurrent.atomic.AtomicReferenceFieldUpdater$AtomicReferenceFieldUpdaterImpl
 455:             1             32  java.util.logging.LogManager$SystemLoggerContext
 456:             1             32  java.util.regex.Pattern$BnM
 457:             1             32  javax.management.MBeanConstructorInfo
 458:             2             32  sun.management.jmxremote.ConnectorBootstrap$PermanentExporter
 459:             1             32  sun.management.jmxremote.LocalRMIServerSocketFactory$1
 460:             1             32  sun.management.jmxremote.SingleEntryRegistry
 461:             1             32  sun.nio.cs.StandardCharsets
 462:             1             32  sun.nio.fs.NativeBuffer
 463:             1             32  sun.nio.fs.WindowsFileSystem
 464:             2             32  sun.rmi.server.WeakClassHashMap$ValueCell
 465:             1             32  sun.rmi.transport.proxy.RMIMasterSocketFactory
 466:             1             32  sun.security.util.DisabledAlgorithmConstraints$KeySizeConstraint
 467:             1             32  sun.util.locale.provider.LocaleResources
 468:             1             32  sun.util.locale.provider.LocaleServiceProviderPool
 469:             1             24  [Ljava.io.File$PathStatus;
 470:             1             24  [Ljava.lang.ClassValue$Entry;
 471:             1             24  [Ljava.net.InetAddress$Cache$Type;
 472:             1             24  [Ljava.util.Locale$Category;
 473:             1             24  [Lsun.launcher.LauncherHelper;
 474:             1             24  com.sun.jmx.mbeanserver.ClassLoaderRepositorySupport
 475:             1             24  com.sun.jmx.mbeanserver.MXBeanLookup
 476:             1             24  java.lang.ClassValue$Version
 477:             1             24  java.lang.Double
 478:             1             24  java.lang.StringBuilder
 479:             1             24  java.lang.ThreadLocal$ThreadLocalMap
 480:             1             24  java.lang.invoke.MethodHandleImpl$4
 481:             1             24  java.lang.invoke.MethodType$ConcurrentWeakInternSet
 482:             1             24  java.net.Inet6AddressImpl
 483:             1             24  java.net.SocketPermissionCollection
 484:             1             24  java.security.AllPermissionCollection
 485:             1             24  java.util.Collections$EmptyMap
 486:             1             24  java.util.Collections$SetFromMap
 487:             1             24  java.util.Currency
 488:             1             24  java.util.Date
 489:             1             24  java.util.Locale$Cache
 490:             1             24  java.util.ResourceBundle$Control$CandidateListCache
 491:             1             24  java.util.concurrent.TimeUnit$1
 492:             1             24  java.util.concurrent.TimeUnit$2
 493:             1             24  java.util.concurrent.TimeUnit$3
 494:             1             24  java.util.concurrent.TimeUnit$4
 495:             1             24  java.util.concurrent.TimeUnit$5
 496:             1             24  java.util.concurrent.TimeUnit$6
 497:             1             24  java.util.concurrent.TimeUnit$7
 498:             1             24  java.util.concurrent.locks.ReentrantReadWriteLock
 499:             1             24  java.util.logging.LogManager$LoggerContext
 500:             1             24  java.util.logging.LoggingPermission
 501:             1             24  javax.management.NotificationBroadcasterSupport
 502:             1             24  sun.launcher.LauncherHelper
 503:             1             24  sun.management.CompilationImpl
 504:             1             24  sun.management.MemoryImpl
 505:             1             24  sun.management.OperatingSystemImpl
 506:             1             24  sun.management.RuntimeImpl
 507:             1             24  sun.management.ThreadImpl
 508:             1             24  sun.management.VMManagementImpl
 509:             1             24  sun.misc.URLClassPath$FileLoader
 510:             1             24  sun.nio.cs.ISO_8859_1
 511:             1             24  sun.nio.cs.US_ASCII
 512:             1             24  sun.nio.cs.UTF_16
 513:             1             24  sun.nio.cs.UTF_16BE
 514:             1             24  sun.nio.cs.UTF_16LE
 515:             1             24  sun.nio.cs.UTF_8
 516:             1             24  sun.nio.cs.ext.GBK
 517:             1             24  sun.nio.fs.NativeBuffer$Deallocator
 518:             1             24  sun.rmi.runtime.RuntimeUtil$1
 519:             1             24  sun.rmi.transport.DGCImpl
 520:             1             24  sun.security.util.DisabledAlgorithmConstraints
 521:             1             24  sun.util.locale.BaseLocale$Cache
 522:             1             24  sun.util.locale.provider.CurrencyNameProviderImpl
 523:             1             24  sun.util.locale.provider.DecimalFormatSymbolsProviderImpl
 524:             1             16  [Ljava.lang.Enum;
 525:             1             16  [Ljava.lang.Throwable;
 526:             1             16  [Ljava.nio.file.attribute.FileAttribute;
 527:             1             16  [Ljava.security.Provider;
 528:             1             16  [Ljava.security.cert.Certificate;
 529:             1             16  [Ljava.util.logging.Handler;
 530:             1             16  com.sun.jmx.interceptor.DefaultMBeanServerInterceptor$ResourceContext$1
 531:             1             16  com.sun.jmx.mbeanserver.DefaultMXBeanMappingFactory
 532:             1             16  com.sun.jmx.mbeanserver.DescriptorCache
 533:             1             16  com.sun.jmx.mbeanserver.MBeanAnalyzer$MethodOrder
 534:             1             16  com.sun.jmx.mbeanserver.MBeanInstantiator
 535:             1             16  com.sun.jmx.mbeanserver.MXBeanIntrospector
 536:             1             16  com.sun.jmx.mbeanserver.SecureClassLoaderRepository
 537:             1             16  com.sun.jmx.remote.protocol.iiop.IIOPProxyImpl
 538:             1             16  java.io.FileDescriptor$1
 539:             1             16  java.lang.ApplicationShutdownHooks$1
 540:             1             16  java.lang.CharacterDataLatin1
 541:             1             16  java.lang.ClassValue$Identity
 542:             1             16  java.lang.Float
 543:             1             16  java.lang.InheritableThreadLocal
 544:             1             16  java.lang.ProcessEnvironment$EntryComparator
 545:             1             16  java.lang.ProcessEnvironment$NameComparator
 546:             1             16  java.lang.Runtime
 547:             1             16  java.lang.String$CaseInsensitiveComparator
 548:             1             16  java.lang.System$2
 549:             1             16  java.lang.Terminator$1
 550:             1             16  java.lang.invoke.MemberName$Factory
 551:             1             16  java.lang.invoke.MethodHandleImpl$2
 552:             1             16  java.lang.invoke.MethodHandleImpl$3
 553:             1             16  java.lang.management.PlatformComponent$1
 554:             1             16  java.lang.management.PlatformComponent$10
 555:             1             16  java.lang.management.PlatformComponent$11
 556:             1             16  java.lang.management.PlatformComponent$12
 557:             1             16  java.lang.management.PlatformComponent$13
 558:             1             16  java.lang.management.PlatformComponent$14
 559:             1             16  java.lang.management.PlatformComponent$15
 560:             1             16  java.lang.management.PlatformComponent$2
 561:             1             16  java.lang.management.PlatformComponent$3
 562:             1             16  java.lang.management.PlatformComponent$4
 563:             1             16  java.lang.management.PlatformComponent$5
 564:             1             16  java.lang.management.PlatformComponent$6
 565:             1             16  java.lang.management.PlatformComponent$7
 566:             1             16  java.lang.management.PlatformComponent$8
 567:             1             16  java.lang.management.PlatformComponent$9
 568:             1             16  java.lang.ref.Reference$1
 569:             1             16  java.lang.ref.Reference$Lock
 570:             1             16  java.lang.reflect.Proxy$KeyFactory
 571:             1             16  java.lang.reflect.Proxy$ProxyClassFactory
 572:             1             16  java.lang.reflect.ReflectAccess
 573:             1             16  java.net.InetAddress$2
 574:             1             16  java.net.URLClassLoader$7
 575:             1             16  java.nio.Bits$1
 576:             1             16  java.nio.Bits$1$1
 577:             1             16  java.nio.charset.CoderResult$1
 578:             1             16  java.nio.charset.CoderResult$2
 579:             1             16  java.nio.file.Files$AcceptAllFilter
 580:             1             16  java.rmi.server.RemoteObjectInvocationHandler$MethodToHash_Maps
 581:             1             16  java.security.AllPermission
 582:             1             16  java.security.ProtectionDomain$2
 583:             1             16  java.security.ProtectionDomain$JavaSecurityAccessImpl
 584:             1             16  java.text.MessageFormat$Field
 585:             1             16  java.util.Collections$EmptyIterator
 586:             1             16  java.util.Collections$EmptyList
 587:             1             16  java.util.Collections$EmptySet
 588:             1             16  java.util.Collections$SingletonSet
 589:             1             16  java.util.Currency$CurrencyNameGetter
 590:             1             16  java.util.HashMap$Values
 591:             1             16  java.util.Hashtable$EntrySet
 592:             1             16  java.util.LinkedHashSet
 593:             1             16  java.util.ResourceBundle$Control
 594:             1             16  java.util.WeakHashMap$KeySet
 595:             1             16  java.util.concurrent.SynchronousQueue$TransferStack
 596:             1             16  java.util.concurrent.ThreadPoolExecutor$AbortPolicy
 597:             1             16  java.util.concurrent.atomic.AtomicBoolean
 598:             1             16  java.util.concurrent.locks.ReentrantReadWriteLock$ReadLock
 599:             1             16  java.util.concurrent.locks.ReentrantReadWriteLock$Sync$ThreadLocalHoldCounter
 600:             1             16  java.util.concurrent.locks.ReentrantReadWriteLock$WriteLock
 601:             1             16  java.util.jar.JavaUtilJarAccessImpl
 602:             1             16  java.util.logging.ErrorManager
 603:             1             16  java.util.logging.LoggingProxyImpl
 604:             1             16  java.util.logging.SimpleFormatter
 605:             1             16  java.util.regex.Pattern$4
 606:             1             16  java.util.regex.Pattern$LastNode
 607:             1             16  java.util.regex.Pattern$Node
 608:             1             16  java.util.zip.ZipFile$1
 609:             1             16  javax.management.JMX
 610:             1             16  javax.management.MBeanServerBuilder
 611:             1             16  javax.management.NotificationBroadcasterSupport$1
 612:             1             16  sun.management.ClassLoadingImpl
 613:             1             16  sun.management.HotSpotDiagnostic
 614:             1             16  sun.management.ManagementFactoryHelper$PlatformLoggingImpl
 615:             1             16  sun.management.jmxremote.LocalRMIServerSocketFactory
 616:             1             16  sun.misc.ASCIICaseInsensitiveComparator
 617:             1             16  sun.misc.FloatingDecimal$1
 618:             1             16  sun.misc.Launcher
 619:             1             16  sun.misc.Launcher$Factory
 620:             1             16  sun.misc.Perf
 621:             1             16  sun.misc.Unsafe
 622:             1             16  sun.net.www.protocol.file.Handler
 623:             1             16  sun.nio.ch.FileChannelImpl$1
 624:             1             16  sun.nio.fs.WindowsFileSystemProvider
 625:             1             16  sun.reflect.GeneratedSerializationConstructorAccessor1
 626:             1             16  sun.reflect.GeneratedSerializationConstructorAccessor2
 627:             1             16  sun.reflect.GeneratedSerializationConstructorAccessor3
 628:             1             16  sun.reflect.GeneratedSerializationConstructorAccessor4
 629:             1             16  sun.reflect.ReflectionFactory
 630:             1             16  sun.reflect.generics.tree.TypeVariableSignature
 631:             1             16  sun.rmi.registry.RegistryImpl$$Lambda$3/277630005
 632:             1             16  sun.rmi.registry.RegistryImpl$$Lambda$4/1288354730
 633:             1             16  sun.rmi.registry.RegistryImpl_Skel
 634:             1             16  sun.rmi.registry.RegistryImpl_Stub
 635:             1             16  sun.rmi.runtime.Log$LoggerLogFactory
 636:             1             16  sun.rmi.runtime.RuntimeUtil
 637:             1             16  sun.rmi.server.UnicastRef2
 638:             1             16  sun.rmi.server.UnicastServerRef$HashToMethod_Maps
 639:             1             16  sun.rmi.transport.DGCImpl$$Lambda$1/1394438858
 640:             1             16  sun.rmi.transport.DGCImpl$2$$Lambda$2/1268447657
 641:             1             16  sun.rmi.transport.DGCImpl_Skel
 642:             1             16  sun.rmi.transport.DGCImpl_Stub
 643:             1             16  sun.rmi.transport.proxy.RMIDirectSocketFactory
 644:             1             16  sun.rmi.transport.tcp.TCPTransport$1
 645:             1             16  sun.security.provider.NativeSeedGenerator
 646:             1             16  sun.security.util.AlgorithmDecomposer
 647:             1             16  sun.security.util.DisabledAlgorithmConstraints$Constraints
 648:             1             16  sun.util.calendar.Gregorian
 649:             1             16  sun.util.locale.provider.AuxLocaleProviderAdapter$NullProvider
 650:             1             16  sun.util.locale.provider.SPILocaleProviderAdapter
 651:             1             16  sun.util.resources.LocaleData
 652:             1             16  sun.util.resources.LocaleData$LocaleDataResourceBundleControl
Total         31330        1629272

```
